
  .   ____          _            __ _ _
 /\\ / ___'_ __ _ _(_)_ __  __ _ \ \ \ \
( ( )\___ | '_ | '_| | '_ \/ _` | \ \ \ \
 \\/  ___)| |_)| | | | | || (_| |  ) ) ) )
  '  |____| .__|_| |_|_| |_\__, | / / / /
 =========|_|==============|___/=/_/_/_/
 :: Spring Boot ::                (v3.2.2)

2026-02-17T18:15:00.399-05:00  INFO 23556 --- [espalhai-backend] [           main] com.espalhai.EspalhaiApplication         : Starting EspalhaiApplication v0.0.1-SNAPSHOT using Java 17.0.18 with PID 23556 (/home/ubuntu/espalhai/backend/target/espalhai-backend-0.0.1-SNAPSHOT.jar started by ubuntu in /home/ubuntu/espalhai/backend)
2026-02-17T18:15:00.403-05:00  INFO 23556 --- [espalhai-backend] [           main] com.espalhai.EspalhaiApplication         : No active profile set, falling back to 1 default profile: "default"
2026-02-17T18:15:01.531-05:00  INFO 23556 --- [espalhai-backend] [           main] .s.d.r.c.RepositoryConfigurationDelegate : Bootstrapping Spring Data JPA repositories in DEFAULT mode.
2026-02-17T18:15:01.599-05:00  INFO 23556 --- [espalhai-backend] [           main] .s.d.r.c.RepositoryConfigurationDelegate : Finished Spring Data repository scanning in 59 ms. Found 6 JPA repository interfaces.
2026-02-17T18:15:02.297-05:00  INFO 23556 --- [espalhai-backend] [           main] o.s.b.w.embedded.tomcat.TomcatWebServer  : Tomcat initialized with port 8080 (http)
2026-02-17T18:15:02.309-05:00  INFO 23556 --- [espalhai-backend] [           main] o.apache.catalina.core.StandardService   : Starting service [Tomcat]
2026-02-17T18:15:02.310-05:00  INFO 23556 --- [espalhai-backend] [           main] o.apache.catalina.core.StandardEngine    : Starting Servlet engine: [Apache Tomcat/10.1.18]
2026-02-17T18:15:02.349-05:00  INFO 23556 --- [espalhai-backend] [           main] o.a.c.c.C.[Tomcat].[localhost].[/]       : Initializing Spring embedded WebApplicationContext
2026-02-17T18:15:02.350-05:00  INFO 23556 --- [espalhai-backend] [           main] w.s.c.ServletWebServerApplicationContext : Root WebApplicationContext: initialization completed in 1847 ms
2026-02-17T18:15:02.404-05:00  INFO 23556 --- [espalhai-backend] [           main] com.zaxxer.hikari.HikariDataSource       : HikariPool-1 - Starting...
2026-02-17T18:15:02.668-05:00  INFO 23556 --- [espalhai-backend] [           main] com.zaxxer.hikari.pool.HikariPool        : HikariPool-1 - Added connection conn0: url=jdbc:h2:mem:espalhaidb user=SA
2026-02-17T18:15:02.670-05:00  INFO 23556 --- [espalhai-backend] [           main] com.zaxxer.hikari.HikariDataSource       : HikariPool-1 - Start completed.
2026-02-17T18:15:02.692-05:00  INFO 23556 --- [espalhai-backend] [           main] o.s.b.a.h2.H2ConsoleAutoConfiguration    : H2 console available at '/h2-console'. Database available at 'jdbc:h2:mem:espalhaidb'
2026-02-17T18:15:02.831-05:00  INFO 23556 --- [espalhai-backend] [           main] o.hibernate.jpa.internal.util.LogHelper  : HHH000204: Processing PersistenceUnitInfo [name: default]
2026-02-17T18:15:02.889-05:00  INFO 23556 --- [espalhai-backend] [           main] org.hibernate.Version                    : HHH000412: Hibernate ORM core version 6.4.1.Final
2026-02-17T18:15:02.926-05:00  INFO 23556 --- [espalhai-backend] [           main] o.h.c.internal.RegionFactoryInitiator    : HHH000026: Second-level cache disabled
2026-02-17T18:15:03.171-05:00  INFO 23556 --- [espalhai-backend] [           main] o.s.o.j.p.SpringPersistenceUnitInfo      : No LoadTimeWeaver setup: ignoring JPA class transformer
2026-02-17T18:15:03.218-05:00  WARN 23556 --- [espalhai-backend] [           main] org.hibernate.orm.deprecation            : HHH90000025: H2Dialect does not need to be specified explicitly using 'hibernate.dialect' (remove the property setting and it will be selected by default)
2026-02-17T18:15:04.323-05:00  INFO 23556 --- [espalhai-backend] [           main] o.h.e.t.j.p.i.JtaPlatformInitiator       : HHH000489: No JTA platform available (set 'hibernate.transaction.jta.platform' to enable JTA platform integration)
Hibernate: create table ad_images (ad_id bigint not null, image_url varchar(255))
Hibernate: create table ads (id bigint generated by default as identity, cidade varchar(255), data_criacao timestamp(6), descricao TEXT not null, estado varchar(255), status varchar(255) not null check (status in ('ATIVO','INATIVO','CONCLUIDO')), tipo varchar(255) not null check (tipo in ('PRODUTO','SERVICO','VAGA')), titulo varchar(255) not null, category_id bigint not null, user_id bigint not null, primary key (id))
Hibernate: create table categories (id bigint generated by default as identity, descricao varchar(255), nome varchar(255) not null, primary key (id))
Hibernate: create table favorites (id bigint generated by default as identity, ad_id bigint not null, user_id bigint not null, primary key (id))
Hibernate: create table messages (id bigint generated by default as identity, conteudo TEXT not null, lida boolean not null, timestamp timestamp(6), recipient_id bigint not null, sender_id bigint not null, primary key (id))
Hibernate: create table reports (id bigint generated by default as identity, data timestamp(6), motivo varchar(255) not null, status varchar(255), ad_id bigint not null, reporter_id bigint not null, primary key (id))
Hibernate: create table user_roles (user_id bigint not null, role varchar(255))
Hibernate: create table users (id bigint generated by default as identity, ativo boolean not null, bairro varchar(255), cidade varchar(255), complemento varchar(255), email varchar(255) not null, estado varchar(255), foto_url varchar(255), nome varchar(255) not null, numero varchar(255), rua varchar(255), senha varchar(255) not null, telefone varchar(255), primary key (id))
Hibernate: alter table if exists categories drop constraint if exists UK_r7ytaefglg0qq95ebigyxtci0
Hibernate: alter table if exists categories add constraint UK_r7ytaefglg0qq95ebigyxtci0 unique (nome)
Hibernate: alter table if exists users drop constraint if exists UK_6dotkott2kjsp8vw4d0m25fb7
Hibernate: alter table if exists users add constraint UK_6dotkott2kjsp8vw4d0m25fb7 unique (email)
Hibernate: alter table if exists ad_images add constraint FKcm6j7vrqr8n53p6fsqr2ep4wt foreign key (ad_id) references ads
Hibernate: alter table if exists ads add constraint FKmo1t2aa72bkyn1nds31hugd3c foreign key (category_id) references categories
Hibernate: alter table if exists ads add constraint FKhjy5cj20i6dn8t38as5poqt7b foreign key (user_id) references users
Hibernate: alter table if exists favorites add constraint FKn0yukv08v7yhbq9jookfhtlt4 foreign key (ad_id) references ads
Hibernate: alter table if exists favorites add constraint FKk7du8b8ewipawnnpg76d55fus foreign key (user_id) references users
Hibernate: alter table if exists messages add constraint FKhdkwfnspwb3s60j27vpg0rpg6 foreign key (recipient_id) references users
Hibernate: alter table if exists messages add constraint FK4ui4nnwntodh6wjvck53dbk9m foreign key (sender_id) references users
Hibernate: alter table if exists reports add constraint FK2ecikmxxfftdmth3tcdb8q0vu foreign key (ad_id) references ads
Hibernate: alter table if exists reports add constraint FKd3qiw2om5d2oh5xb7fbdcq225 foreign key (reporter_id) references users
Hibernate: alter table if exists user_roles add constraint FKhfh9dx7w3ubf1co1vdev94g3f foreign key (user_id) references users
2026-02-17T18:15:04.424-05:00  INFO 23556 --- [espalhai-backend] [           main] j.LocalContainerEntityManagerFactoryBean : Initialized JPA EntityManagerFactory for persistence unit 'default'
2026-02-17T18:15:04.939-05:00  INFO 23556 --- [espalhai-backend] [           main] o.s.d.j.r.query.QueryEnhancerFactory     : Hibernate is in classpath; If applicable, HQL parser will be used.
2026-02-17T18:15:05.718-05:00  WARN 23556 --- [espalhai-backend] [           main] JpaBaseConfiguration$JpaWebConfiguration : spring.jpa.open-in-view is enabled by default. Therefore, database queries may be performed during view rendering. Explicitly configure spring.jpa.open-in-view to disable this warning
2026-02-17T18:15:06.110-05:00  INFO 23556 --- [espalhai-backend] [           main] o.s.s.web.DefaultSecurityFilterChain     : Will secure any request with [org.springframework.security.web.session.DisableEncodeUrlFilter@300cdf3f, org.springframework.security.web.context.request.async.WebAsyncManagerIntegrationFilter@2b75b77d, org.springframework.security.web.context.SecurityContextHolderFilter@4b76a0f4, org.springframework.security.web.header.HeaderWriterFilter@7d60a62f, org.springframework.web.filter.CorsFilter@4552f89f, org.springframework.security.web.authentication.logout.LogoutFilter@7e01d838, com.espalhai.security.AuthTokenFilter@7683d632, org.springframework.security.web.savedrequest.RequestCacheAwareFilter@65314e4, org.springframework.security.web.servletapi.SecurityContextHolderAwareRequestFilter@a93c88a, org.springframework.security.web.authentication.AnonymousAuthenticationFilter@59b7cbec, org.springframework.security.web.session.SessionManagementFilter@467924d8, org.springframework.security.web.access.ExceptionTranslationFilter@1c1bb1e7, org.springframework.security.web.access.intercept.AuthorizationFilter@45957b8f]
2026-02-17T18:15:06.553-05:00  INFO 23556 --- [espalhai-backend] [           main] o.s.b.w.embedded.tomcat.TomcatWebServer  : Tomcat started on port 8080 (http) with context path ''
2026-02-17T18:15:06.556-05:00  INFO 23556 --- [espalhai-backend] [           main] o.s.m.s.b.SimpleBrokerMessageHandler     : Starting...
2026-02-17T18:15:06.559-05:00  INFO 23556 --- [espalhai-backend] [           main] o.s.m.s.b.SimpleBrokerMessageHandler     : BrokerAvailabilityEvent[available=true, SimpleBrokerMessageHandler [org.springframework.messaging.simp.broker.DefaultSubscriptionRegistry@608707d]]
2026-02-17T18:15:06.560-05:00  INFO 23556 --- [espalhai-backend] [           main] o.s.m.s.b.SimpleBrokerMessageHandler     : Started.
2026-02-17T18:15:06.584-05:00  INFO 23556 --- [espalhai-backend] [           main] com.espalhai.EspalhaiApplication         : Started EspalhaiApplication in 6.701 seconds (process running for 7.264)
2026-02-17T18:15:08.101-05:00  INFO 23556 --- [espalhai-backend] [nio-8080-exec-1] o.a.c.c.C.[Tomcat].[localhost].[/]       : Initializing Spring DispatcherServlet 'dispatcherServlet'
2026-02-17T18:15:08.102-05:00  INFO 23556 --- [espalhai-backend] [nio-8080-exec-1] o.s.web.servlet.DispatcherServlet        : Initializing Servlet 'dispatcherServlet'
2026-02-17T18:15:08.104-05:00  INFO 23556 --- [espalhai-backend] [nio-8080-exec-1] o.s.web.servlet.DispatcherServlet        : Completed initialization in 2 ms
2026-02-17T18:16:06.521-05:00  INFO 23556 --- [espalhai-backend] [MessageBroker-1] o.s.w.s.c.WebSocketMessageBrokerStats    : WebSocketSession[0 current WS(0)-HttpStream(0)-HttpPoll(0), 0 total, 0 closed abnormally (0 connect failure, 0 send limit, 0 transport error)], stompSubProtocol[processed CONNECT(0)-CONNECTED(0)-DISCONNECT(0)], stompBrokerRelay[null], inboundChannel[pool size = 0, active threads = 0, queued tasks = 0, completed tasks = 0], outboundChannel[pool size = 0, active threads = 0, queued tasks = 0, completed tasks = 0], sockJsScheduler[pool size = 1, active threads = 1, queued tasks = 0, completed tasks = 0]
